[
  "-QST4K01GN0P8D2",
  "-QST4K01GN0P8D8",
  "-841DS4J",
  "-841DS44",
  "-841DS45",
  "-9N0X",
  "-9N0D",
  "-9N02",
  "-90Y",
  "-900",
  "-90G",
  "-Q5",
  "-QN",
  "-QC",
  "-03",
  "-GE",
  "-P3",
  "-XR",
  "-Q3",
  "-MW",
  "-9E",
  "HZ",
  "9E",
  "MW",
  "Q3",
  "XR",
  "P3",
  "GE",
  "03",
  "QC",
  "QN",
  "Q5",
  "90G",
  "900",
  "90Y",
  "9N08",
  "9N02",
  "9N0D",
  "841DS4N",
  "841DS45",
  "841DS44",
  "QST4K01GN0P8D2"
]
