[
  "-NTK9WJ4S2JX5GY",
  "-NTK9WJ4S2JX5G5",
  "-594GT9H",
  "-594GT99",
  "-594GT9Z",
  "-P2J76",
  "-P2JG1",
  "-P2JYD",
  "-PJQ6R",
  "-PJJRD",
  "-PJSDD",
  "-NZB1D",
  "-N2D6R",
  "-NC6RR",
  "-JRDD6",
  "-SDRR6",
  "-XRD66",
  "-76666",
  "-N016D",
  "-FRDD6",
  "-P1666",
  "E0000",
  "P1666",
  "FRDD6",
  "N016D",
  "76666",
  "XRD66",
  "SDRR6",
  "JRDD6",
  "NC6RR",
  "N2D6R",
  "NZB1D",
  "PJSDD",
  "PJJRD",
  "PJQ6R",
  "P2J5B",
  "P2JYD",
  "P2JG1",
  "594GT92",
  "594GT9Z",
  "594GT99",
  "NTK9WJ4S2JX5GY"
]
