[
  "-QST4K01GN0P8D2",
  "-QST4K01GN0P8D8",
  "-841DS4J",
  "-841DS44",
  "-841DS45",
  "-9N0XE",
  "-9N0DV",
  "-9N02E",
  "-90YRV",
  "-900WE",
  "-90GRW",
  "-Q5WZ3",
  "-QNRVW",
  "-QCRWE",
  "-03RWE",
  "-GERRV",
  "-P3VVR",
  "-XRW3R",
  "-Q3VWE",
  "-MWEVR",
  "-9ERW3",
  "HZZZZ",
  "9ERW3",
  "MWEVR",
  "Q3VWE",
  "XRW3R",
  "P3VVR",
  "GERRV",
  "03RWE",
  "QCRWE",
  "QNRVW",
  "Q5WZ3",
  "90GRW",
  "900WE",
  "90YRV",
  "9N08W",
  "9N02E",
  "9N0DV",
  "841DS4N",
  "841DS45",
  "841DS44",
  "QST4K01GN0P8D2"
]
