[
  "-QST4K01GN0P8D2",
  "-QST4K01GN0P8D8",
  "-841DS4J",
  "-841DS44",
  "-841DS45",
  "-9N0XEV",
  "-9N0DVR",
  "-9N02EW",
  "-90YRVW",
  "-900WEW",
  "-90GRW3",
  "-Q5WZ3W",
  "-QNRVW3",
  "-QCRWER",
  "-03RWER",
  "-GERRVW",
  "-P3VVRV",
  "-XRW3RV",
  "-Q3VWER",
  "-MWEVRV",
  "-9ERW3W",
  "HZZZZZ",
  "9ERW3W",
  "MWEVRV",
  "Q3VWER",
  "XRW3RV",
  "P3VVRV",
  "GERRVW",
  "03RWER",
  "QCRWER",
  "QNRVW3",
  "Q5WZ3W",
  "90GRW3",
  "900WEW",
  "90YRVW",
  "9N08WE",
  "9N02EW",
  "9N0DVR",
  "841DS4N",
  "841DS45",
  "841DS44",
  "QST4K01GN0P8D2"
]
