[
  "-NTK9WJ4S2JX5GY",
  "-NTK9WJ4S2JX5G5",
  "-594GT9H",
  "-594GT99",
  "-594GT9Z",
  "-P2J7",
  "-P2JG",
  "-P2JY",
  "-PJQ",
  "-PJJ",
  "-PJS",
  "-NZB",
  "-N2D",
  "-NC6",
  "-JRD",
  "-SDR",
  "-XRD",
  "-766",
  "-N01",
  "-FRD",
  "-P16",
  "E00",
  "P16",
  "FRD",
  "N01",
  "766",
  "XRD",
  "SDR",
  "JRD",
  "NC6",
  "N2D",
  "NZB",
  "PJS",
  "PJJ",
  "PJQ",
  "P2J5",
  "P2JY",
  "P2JG",
  "594GT92",
  "594GT9Z",
  "594GT99",
  "NTK9WJ4S2JX5GY"
]
