[
  "-QST4K01GN0P8D2",
  "-QST4K01GN0P8D8",
  "-841DS4J",
  "-841DS44",
  "-841DS45",
  "-9N0X",
  "-9N0D",
  "-9N02",
  "-90YR",
  "-900W",
  "-90GR",
  "-Q5WZ",
  "-QNRV",
  "-QCRW",
  "-03RW",
  "-GERR",
  "-P3VV",
  "-XRW3",
  "-Q3VW",
  "-MWEV",
  "-9ERW",
  "HZZZ",
  "9ERW",
  "MWEV",
  "Q3VW",
  "XRW3",
  "P3VV",
  "GERR",
  "03RW",
  "QCRW",
  "QNRV",
  "Q5WZ",
  "90GR",
  "900W",
  "90YR",
  "9N08",
  "9N02",
  "9N0D",
  "841DS4N",
  "841DS45",
  "841DS44",
  "QST4K01GN0P8D2"
]
