[
  "-4KU3MEXPREF6GZ",
  "-4KU3MEXPREF6G6",
  "-63XGK3T",
  "-63XGK33",
  "-63XGK31",
  "-8REH7",
  "-8REGD",
  "-8REZ7",
  "-8EBN7",
  "-8EEDD",
  "-8EP7W",
  "-41DDN",
  "-4RND7",
  "-45N7W",
  "-E22J2",
  "-PJJWD",
  "-FDNDN",
  "-HJWN7",
  "-4WD7W",
  "-VDDNN",
  "-8J2WN",
  "Q2W72",
  "8J2WN",
  "VDDNN",
  "4WD7W",
  "HJWN7",
  "FDNDN",
  "PJJWD",
  "E22J2",
  "45N7W",
  "4RND7",
  "41DDN",
  "8EP7W",
  "8EEDD",
  "8EBN7",
  "8RE6J",
  "8REZ7",
  "8REGD",
  "63XGK3R",
  "63XGK31",
  "63XGK33",
  "4KU3MEXPREF6GZ"
]
