[
  "-NTK9WJ4S2JX5GY",
  "-NTK9WJ4S2JX5G5",
  "-594GT9H",
  "-594GT99",
  "-594GT9Z",
  "-P2J76D",
  "-P2JG16",
  "-P2JYD6",
  "-PJQ6RR",
  "-PJJRDR",
  "-PJSDD6",
  "-NZB1DR",
  "-N2D6RR",
  "-NC6RRR",
  "-JRDD6R",
  "-SDRR6D",
  "-XRD666",
  "-766666",
  "-N016DR",
  "-FRDD66",
  "-P16666",
  "E00000",
  "P16666",
  "FRDD66",
  "N016DR",
  "766666",
  "XRD666",
  "SDRR6D",
  "JRDD6R",
  "NC6RRR",
  "N2D6RR",
  "NZB1DR",
  "PJSDD6",
  "PJJRDR",
  "PJQ6RR",
  "P2J5BB",
  "P2JYD6",
  "P2JG16",
  "594GT92",
  "594GT9Z",
  "594GT99",
  "NTK9WJ4S2JX5GY"
]
