[
  "-NTK9WJ4S2JX5GY",
  "-NTK9WJ4S2JX5G5",
  "-594GT9H",
  "-594GT99",
  "-594GT9Z",
  "-P2J7",
  "-P2JG",
  "-P2JY",
  "-PJQ6",
  "-PJJR",
  "-PJSD",
  "-NZB1",
  "-N2D6",
  "-NC6R",
  "-JRDD",
  "-SDRR",
  "-XRD6",
  "-7666",
  "-N016",
  "-FRDD",
  "-P166",
  "E000",
  "P166",
  "FRDD",
  "N016",
  "7666",
  "XRD6",
  "SDRR",
  "JRDD",
  "NC6R",
  "N2D6",
  "NZB1",
  "PJSD",
  "PJJR",
  "PJQ6",
  "P2J5",
  "P2JY",
  "P2JG",
  "594GT92",
  "594GT9Z",
  "594GT99",
  "NTK9WJ4S2JX5GY"
]
