[
  "-4KU3MEXPREF6GZ",
  "-4KU3MEXPREF6G6",
  "-63XGK3T",
  "-63XGK33",
  "-63XGK31",
  "-8REH",
  "-8REG",
  "-8REZ",
  "-8EB",
  "-8EE",
  "-8EP",
  "-41D",
  "-4RN",
  "-45N",
  "-E22",
  "-PJJ",
  "-FDN",
  "-HJW",
  "-4WD",
  "-VDD",
  "-8J2",
  "Q2W",
  "8J2",
  "VDD",
  "4WD",
  "HJW",
  "FDN",
  "PJJ",
  "E22",
  "45N",
  "4RN",
  "41D",
  "8EP",
  "8EE",
  "8EB",
  "8RE6",
  "8REZ",
  "8REG",
  "63XGK3R",
  "63XGK31",
  "63XGK33",
  "4KU3MEXPREF6GZ"
]
