[
  "-4KU3MEXPREF6GZ",
  "-4KU3MEXPREF6G6",
  "-63XGK3T",
  "-63XGK33",
  "-63XGK31",
  "-8REH",
  "-8REG",
  "-8REZ",
  "-8EBN",
  "-8EED",
  "-8EP7",
  "-41DD",
  "-4RND",
  "-45N7",
  "-E22J",
  "-PJJW",
  "-FDND",
  "-HJWN",
  "-4WD7",
  "-VDDN",
  "-8J2W",
  "Q2W7",
  "8J2W",
  "VDDN",
  "4WD7",
  "HJWN",
  "FDND",
  "PJJW",
  "E22J",
  "45N7",
  "4RND",
  "41DD",
  "8EP7",
  "8EED",
  "8EBN",
  "8RE6",
  "8REZ",
  "8REG",
  "63XGK3R",
  "63XGK31",
  "63XGK33",
  "4KU3MEXPREF6GZ"
]
