[
  "-QST4K01GN0P8D2",
  "-QST4K01GN0P8D8",
  "-841DS4J",
  "-841DS44",
  "-841DS45",
  "-9N0X",
  "-9N0D",
  "-9N02",
  "-90Y",
  "-900",
  "-90G",
  "-Q5W",
  "-QNR",
  "-QCR",
  "-03R",
  "-GER",
  "-P3V",
  "-XRW",
  "-Q3V",
  "-MWE",
  "-9ER",
  "HZZ",
  "9ER",
  "MWE",
  "Q3V",
  "XRW",
  "P3V",
  "GER",
  "03R",
  "QCR",
  "QNR",
  "Q5W",
  "90G",
  "900",
  "90Y",
  "9N08",
  "9N02",
  "9N0D",
  "841DS4N",
  "841DS45",
  "841DS44",
  "QST4K01GN0P8D2"
]
