[
  "-4KU3MEXPREF6GZ",
  "-4KU3MEXPREF6G6",
  "-63XGK3T",
  "-63XGK33",
  "-63XGK31",
  "-8REH7J",
  "-8REGD7",
  "-8REZ7J",
  "-8EBN72",
  "-8EEDD7",
  "-8EP7WD",
  "-41DDN7",
  "-4RND72",
  "-45N7WD",
  "-E22J22",
  "-PJJWDD",
  "-FDNDN7",
  "-HJWN7J",
  "-4WD7WD",
  "-VDDNNN",
  "-8J2WNN",
  "Q2W72W",
  "8J2WNN",
  "VDDNNN",
  "4WD7WD",
  "HJWN7J",
  "FDNDN7",
  "PJJWDD",
  "E22J22",
  "45N7WD",
  "4RND72",
  "41DDN7",
  "8EP7WD",
  "8EEDD7",
  "8EBN72",
  "8RE6JW",
  "8REZ7J",
  "8REGD7",
  "63XGK3R",
  "63XGK31",
  "63XGK33",
  "4KU3MEXPREF6GZ"
]
