[
  "-4KU3MEXPREF6GZ",
  "-4KU3MEXPREF6G6",
  "-63XGK3T",
  "-63XGK33",
  "-63XGK31",
  "-8REH",
  "-8REG",
  "-8REZ",
  "-8EB",
  "-8EE",
  "-8EP",
  "-41",
  "-4R",
  "-45",
  "-E2",
  "-PJ",
  "-FD",
  "-HJ",
  "-4W",
  "-VD",
  "-8J",
  "Q2",
  "8J",
  "VD",
  "4W",
  "HJ",
  "FD",
  "PJ",
  "E2",
  "45",
  "4R",
  "41",
  "8EP",
  "8EE",
  "8EB",
  "8RE6",
  "8REZ",
  "8REG",
  "63XGK3R",
  "63XGK31",
  "63XGK33",
  "4KU3MEXPREF6GZ"
]
